// Jest Snapshot v1, https://goo.gl/fbAQLP

exports[`Shallow render the Dashboard shallow render the Dashboard 1`] = `
<Provider
  store={
    Object {
      "dispatch": [Function],
      "getState": [Function],
      "replaceReducer": [Function],
      "subscribe": [Function],
      Symbol(observable): [Function],
    }
  }
>
  <ConnectFunction />
</Provider>
`;

exports[`Shallow render the Dashboard shallow render the Dashboard 2`] = `
<Provider
  store={
    Object {
      "dispatch": [Function],
      "getState": [Function],
      "replaceReducer": [Function],
      "subscribe": [Function],
      Symbol(observable): [Function],
    }
  }
>
  <ConnectFunction />
</Provider>
`;
